
 (1.000000, 0.601292), 
 (2.000000, 0.304892), 
 (8.000000, 0.090201), 
 (14.000000, 0.080029), 
 (20.000000, 0.074960), 


 (1.000000, 0.797505), 
 (2.000000, 0.397770), 
 (8.000000, 0.120890), 
 (14.000000, 0.111655), 
 (20.000000, 0.093704), 
 (2.000000, 0.397981), 
 (3.000000, 0.265016), 
 (7.000000, 0.134799), 
 (13.000000, 0.106707), 
 (19.000000, 0.090480), 
 (41.000000, 0.090468), 
 (69.000000, 0.068596), 
 (119.000000, 0.055955), 
 (146.000000, 0.046787), 
